This has no valid header and wrong stem naming
123,456,789
