This dataset is intentionally empty to ensure the importer handles empty folders without crashing.
