File Version, 3.0
This file is corrupted and missing proper headers
No [Parameters] or [DATA] section