File Version, 3.0
This file claims to be v3d but has no numeric data rows
Header Only, No Data